   Compiling mbar v0.1.0 (/home/mcc/.openclaw/workspace/mbar)
    Finished `test` profile [unoptimized + debuginfo] target(s) in 21.25s
     Running unittests src/main.rs (target/debug/deps/mbar-36c138f5785729f4)

running 4 tests
test datetime_stats::tests::test_timezone_negative_offset ... ok
test datetime_stats::tests::test_get_datetime_info_format ... ok
test datetime_stats::tests::test_time_string_length ... ok
test system_stats::tests::test_default_initialization ... ok

test result: ok. 4 passed; 0 failed; 0 ignored; 0 measured; 0 filtered out; finished in 0.00s

